// Jest Snapshot v1, https://goo.gl/fbAQLP

exports[`<Spinner /> snapshots default render 1`] = `
<div
  className="spinner-loading-wrapper"
>
  <div
    className="spinner-border text-primary"
    role="status"
  >
    <span
      className="sr-only"
    >
      Loading...
    </span>
  </div>
</div>
`;

exports[`<Spinner /> snapshots default render Spinner 1`] = `
<div
  className="spinner-loading-wrapper"
>
  <div
    className="spinner-border text-primary"
    role="status"
  >
    <span
      className="sr-only"
    >
      Loading...
    </span>
  </div>
</div>
`;
